-0.4161468365471
-1.0000000000000
0.0707372016677
-1.0000000000000
0.9092974268257
0.9974949866041
1.4142135623731
1.7720045146669
5.0000000000000
14.0000000000000
44.7213595499958
