2,11,34,243,245,322,433,443,453,664,665,1002,34564,213245,
2,11,34,243,245,322,433,443,453,664,665,1002,34564,213245,
2,11,34,243,245,322,433,443,453,664,665,1002,34564,213245,
